// Jest Snapshot v1, https://goo.gl/fbAQLP

exports[`AD Group renders 1`] = `
<View
  style={
    Object {
      "flex": 1,
      "flexDirection": "row",
      "justifyContent": "space-around",
    }
  }
>
  <View
    style={
      Object {
        "flex": 1,
      }
    }
  >
    <Text
      accessible={true}
      allowFontScaling={true}
      ellipsizeMode="tail"
      style={
        Object {
          "color": "#511",
          "fontSize": 16,
          "marginBottom": 1,
          "textAlign": "center",
        }
      }
    >
      ADGroup7
    </Text>
  </View>
  <View
    style={Object {}}
  >
    <RCTSwitch
      disabled={false}
      onChange={[Function]}
      onResponderTerminationRequest={[Function]}
      onStartShouldSetResponder={[Function]}
      onValueChange={[Function]}
      style={
        Array [
          Object {
            "height": 31,
            "width": 51,
          },
          Object {},
        ]
      }
      value={true}
    />
  </View>
</View>
`;
